node.exe : C:\Users\Len
ovo\Desktop\full-taskfl
ow\node_modules\@prisma
\client\src\runtime\uti
ls\validatePrismaClient
Options.ts:239
At C:\nvm4w\nodejs\npx.
ps1:29 char:3
+   & $NODE_EXE 
$NPX_CLI_JS $args
+   ~~~~~~~~~~~~~~~~~~~
~~~~~~~~~~
    + CategoryInfo     
         : NotSpecifi  
  ed: (C:\Users\Leno   
 vo...tOptions.ts:2    
39:String) [], Rem    
oteException
    + FullyQualifiedEr 
   rorId : NativeComm  
  andError
 
      throw new PrismaC
lientConstructorValidat
ionError(
            ^


PrismaClientConstructor
ValidationError: 
Unknown property 
datasourceUrl provided 
to PrismaClient 
constructor.
Read more at https://pr
is.ly/d/client-construc
tor
    at validatePrismaCl
ientOptions (C:\Users\L
enovo\Desktop\full-task
flow\node_modules\@pris
ma\client\src\runtime\u
tils\validatePrismaClie
ntOptions.ts:239:13)
    at new t (C:\Users\
Lenovo\Desktop\full-tas
kflow\node_modules\@pri
sma\client\src\runtime\
getPrismaClient.ts:282:
7)
    at <anonymous> (C:\
Users\Lenovo\Desktop\fu
ll-taskflow\lib\prisma.
ts:9:3)
    at 
Object.<anonymous> (C:\
Users\Lenovo\Desktop\fu
ll-taskflow\lib\prisma.
ts:16:1)
    at Module._compile 
(node:internal/modules/
cjs/loader:1565:14)
    at 
Object.transformer (C:\
Users\Lenovo\AppData\Lo
cal\npm-cache\_npx\fd45
a72a545557e9\node_modul
es\tsx\dist\register-D4
6fvsV_.cjs:3:1104)
    at Module.load (nod
e:internal/modules/cjs/
loader:1318:32)
    at Function._load (
node:internal/modules/c
js/loader:1128:12)
    at TracingChannel.t
raceSync (node:diagnost
ics_channel:322:14)
    at wrapModuleLoad (
node:internal/modules/c
js/loader:219:24)

Node.js v22.12.0
